../Core/Src/main.c:86:5:__io_putchar	16	static
../Core/Src/main.c:92:6:HAL_GPIO_EXTI_Callback	16	static
../Core/Src/main.c:107:5:main	24	static
../Core/Src/main.c:219:6:SystemClock_Config	96	static
../Core/Src/main.c:264:13:MX_ADC1_Init	32	static
../Core/Src/main.c:322:13:MX_LPUART1_UART_Init	8	static
../Core/Src/main.c:370:13:MX_TIM2_Init	64	static
../Core/Src/main.c:435:13:MX_DMA_Init	16	static
../Core/Src/main.c:454:13:MX_GPIO_Init	64	static
../Core/Src/main.c:681:6:Error_Handler	4	static,ignoring_inline_asm
